// Jest Snapshot v1, https://goo.gl/fbAQLP

exports[`Wrapped default 1`] = `
.c0 {
  box-sizing: border-box;
  margin: 0;
  min-width: 0;
  display: block;
  -webkit-align-items: center;
  -webkit-box-align: center;
  -ms-flex-align: center;
  align-items: center;
  gap: 5px;
  width: 300px;
  overflow: 0;
  white-space: nowrap;
}

.c1 {
  box-sizing: border-box;
  margin: 0;
  min-width: 0;
  font-family: Nunito Sans;
  display: -webkit-inline-box;
  display: -webkit-inline-flex;
  display: -ms-inline-flexbox;
  display: inline-flex;
  -webkit-align-items: center;
  -webkit-box-align: center;
  -ms-flex-align: center;
  align-items: center;
  padding: 3px 4px;
  gap: 5px;
  height: 20px;
  border-radius: 4px;
  font-weight: 400;
  font-size: 12px;
  line-height: 12px;
}

.c2 {
  box-sizing: border-box;
  margin: 0;
  min-width: 0;
  font-family: primary;
}

<div
  className="c0"
>
  <span
    className="c1"
    id="1a"
    style={
      Object {
        "marginRight": "5px",
      }
    }
  >
    <p
      className="c2"
    />
  </span>
  <span
    className="c1"
    id="2b"
    style={
      Object {
        "marginRight": "5px",
      }
    }
  >
    <p
      className="c2"
    />
  </span>
  <span
    className="c1"
    id="3c"
    style={
      Object {
        "marginRight": "5px",
      }
    }
  >
    <p
      className="c2"
    />
  </span>
  <span
    className="c1"
    id="4d"
    style={
      Object {
        "marginRight": "5px",
      }
    }
  >
    <p
      className="c2"
    />
  </span>
  <span
    className="c1"
    id="5e"
    style={
      Object {
        "marginRight": "5px",
      }
    }
  >
    <p
      className="c2"
    />
  </span>
  <span
    className="c1"
    id="6f"
    style={
      Object {
        "marginRight": "5px",
      }
    }
  >
    <p
      className="c2"
    />
  </span>
  
</div>
`;
