// Jest Snapshot v1, https://goo.gl/fbAQLP

exports[`Modal renders correctly 1`] = `
.c0 {
  box-sizing: border-box;
  margin: 0;
  min-width: 0;
}

.c2 {
  box-sizing: border-box;
  margin: 0;
  min-width: 0;
  font-family: primary;
}

.c3 {
  box-sizing: border-box;
  margin: 0;
  min-width: 0;
  -webkit-box-pack: start;
  -webkit-justify-content: start;
  -ms-flex-pack: start;
  justify-content: start;
}

.c1 {
  display: -webkit-box;
  display: -webkit-flex;
  display: -ms-flexbox;
  display: flex;
}

<div
  className="c0 modalContainer"
>
  <div
    className="c0 modalComponent  undefined"
  >
    <div
      className="c0 c1 modalHeader textSm"
    >
      <p
        className="c2 modalTitleText"
      >
        This is the header
      </p>
    </div>
    <div
      className="c0"
    >
      This is the body
    </div>
    <div
      className="c3 c1 modalFooter"
    >
      This is the footer
    </div>
  </div>
</div>
`;
