// Jest Snapshot v1, https://goo.gl/fbAQLP

exports[`List renders correctly 1`] = `
.c1 {
  box-sizing: border-box;
  margin: 0;
  min-width: 0;
  list-style-type: none;
  padding: 0;
}

.c2 {
  box-sizing: border-box;
  margin: 0;
  min-width: 0;
  padding-left: 16px;
  padding-right: 16px;
  padding-top: 14px;
  padding-bottom: 14px;
}

.c4 {
  box-sizing: border-box;
  margin: 0;
  min-width: 0;
  position: relative;
  height: -webkit-fit-content;
  height: -moz-fit-content;
  height: fit-content;
}

.c5 {
  box-sizing: border-box;
  margin: 0;
  min-width: 0;
  border-radius: 10px;
  border: none;
  box-shadow: none;
  font-family: primary;
  display: block;
  font-size: 14px;
  height: 36px;
  padding-left: 16px;
  padding-right: 16px;
  padding-top: 11px;
  padding-bottom: 11px;
  outline: none;
  background-color: inputBackground;
  border-radius: circle;
  background-color: rgba(0,0,0,0.04);
  margin-bottom: 0;
  width: 100%;
}

.c5::-webkit-input-placeholder {
  color: inputPlaceholderColor;
}

.c5::-moz-placeholder {
  color: inputPlaceholderColor;
}

.c5:-ms-input-placeholder {
  color: inputPlaceholderColor;
}

.c5::placeholder {
  color: inputPlaceholderColor;
}

.c6 {
  box-sizing: border-box;
  margin: 0;
  min-width: 0;
  padding-top: 10px;
  padding-bottom: 10px;
  padding-left: 16px;
  padding-right: 16px;
  display: -webkit-inline-box;
  display: -webkit-inline-flex;
  display: -ms-inline-flexbox;
  display: inline-flex;
  -webkit-align-items: center;
  -webkit-box-align: center;
  -ms-flex-align: center;
  align-items: center;
  font-family: primary;
  width: 100%;
}

.c7 {
  box-sizing: border-box;
  margin: 0;
  min-width: 0;
  position: relative;
  width: 18px;
  height: 18px;
}

.c8 {
  box-sizing: border-box;
  margin: 0;
  min-width: 0;
  position: absolute;
  opacity: 0;
  overflow: hidden;
  width: 100%;
  height: 100%;
}

.c12 {
  box-sizing: border-box;
  margin: 0;
  min-width: 0;
  margin-right: 8px;
  border-radius: 2px;
  color: gray;
}

input:checked ~ .c0 {
  color: primary;
}

input:focus ~ .c0 {
  box-shadow: active;
}

.c9 {
  box-sizing: border-box;
  margin: 0;
  min-width: 0;
  margin-right: 8px;
  border-radius: 2px;
  color: gray;
  width: 16px;
  height: 16px;
}

input:checked ~ .c0 {
  color: primary;
}

input:focus ~ .c0 {
  box-shadow: active;
}

.c3 {
  display: -webkit-box;
  display: -webkit-flex;
  display: -ms-flexbox;
  display: flex;
}

.c11 {
  display: none;
}

input:checked:not(:disabled) ~ .c10 {
  display: block;
}

.c14 {
  display: none;
}

input:not(:checked):not(:disabled) ~ .c13 {
  display: block;
}

.c18 {
  display: none;
}

input:checked:disabled ~ .c17 {
  display: block;
}

.c16 {
  display: none;
}

input:disabled:not(:checked) ~ .c15 {
  display: block;
}

<ul
  className="c0 c1"
>
  <span
    className="c0 c2 c3"
  >
    <div
      className="c0 c4"
    >
      <input
        className="c0 c5"
        disabled={false}
        type="text"
        width={1}
      />
    </div>
  </span>
  <li
    className="c0 c6"
    width={1}
  >
    <div
      className="c0 c7"
    >
      <input
        className="c0 c8"
        type="checkbox"
      />
      <svg
        aria-hidden="true"
        className="c0 c9 c10 c11 c0 c12"
        fill="none"
        height={16}
        viewBox="0 0 16 16"
        width={16}
        xmlns="http://www.w3.org/2000/svg"
      >
        <rect
          fill="#6A88F2"
          height="15"
          rx="4"
          ry="4"
          stroke="#6A88F2"
          width="15"
          x="0.5"
          y="0.5"
        />
        <path
          d="M 5,8 L 7,10 L 12,5"
          stroke="white"
          strokeLinecap="round"
          strokeWidth="1.5"
        />
      </svg>
      <svg
        aria-hidden="true"
        className="c0 c9 c13 c14 c0 c12"
        fill="none"
        height={16}
        viewBox="0 0 16 16"
        width={16}
        xmlns="http://www.w3.org/2000/svg"
      >
        <rect
          fill="white"
          height="15"
          rx="4"
          ry="4"
          stroke="#C1CCD0"
          width="15"
          x="0.5"
          y="0.5"
        />
      </svg>
      <svg
        aria-hidden="true"
        className="c0 c9 c15 c16 c0 c12"
        fill="none"
        height={16}
        viewBox="0 0 16 16"
        width={16}
        xmlns="http://www.w3.org/2000/svg"
      >
        <rect
          fill="#EFF2F3"
          height="15"
          rx="4"
          ry="4"
          stroke="#EFF2F3"
          width="15"
          x="0.5"
          y="0.5"
        />
      </svg>
      <svg
        aria-hidden="true"
        className="c0 c9 c17 c18 c0 c12"
        fill="none"
        height={16}
        viewBox="0 0 16 16"
        width={16}
        xmlns="http://www.w3.org/2000/svg"
      >
        <rect
          fill="#EFF2F3"
          height="15"
          rx="4"
          ry="4"
          stroke="#EFF2F3"
          width="15"
          x="0.5"
          y="0.5"
        />
        <path
          d="M 5,8 L 7,10 L 12,5"
          stroke="#C1CCD0"
          strokeLinecap="round"
          strokeWidth="1.5"
        />
      </svg>
    </div>
    One
  </li>
  <li
    className="c0 c6"
    width={1}
  >
    <div
      className="c0 c7"
    >
      <input
        className="c0 c8"
        type="checkbox"
      />
      <svg
        aria-hidden="true"
        className="c0 c9 c10 c11 c0 c12"
        fill="none"
        height={16}
        viewBox="0 0 16 16"
        width={16}
        xmlns="http://www.w3.org/2000/svg"
      >
        <rect
          fill="#6A88F2"
          height="15"
          rx="4"
          ry="4"
          stroke="#6A88F2"
          width="15"
          x="0.5"
          y="0.5"
        />
        <path
          d="M 5,8 L 7,10 L 12,5"
          stroke="white"
          strokeLinecap="round"
          strokeWidth="1.5"
        />
      </svg>
      <svg
        aria-hidden="true"
        className="c0 c9 c13 c14 c0 c12"
        fill="none"
        height={16}
        viewBox="0 0 16 16"
        width={16}
        xmlns="http://www.w3.org/2000/svg"
      >
        <rect
          fill="white"
          height="15"
          rx="4"
          ry="4"
          stroke="#C1CCD0"
          width="15"
          x="0.5"
          y="0.5"
        />
      </svg>
      <svg
        aria-hidden="true"
        className="c0 c9 c15 c16 c0 c12"
        fill="none"
        height={16}
        viewBox="0 0 16 16"
        width={16}
        xmlns="http://www.w3.org/2000/svg"
      >
        <rect
          fill="#EFF2F3"
          height="15"
          rx="4"
          ry="4"
          stroke="#EFF2F3"
          width="15"
          x="0.5"
          y="0.5"
        />
      </svg>
      <svg
        aria-hidden="true"
        className="c0 c9 c17 c18 c0 c12"
        fill="none"
        height={16}
        viewBox="0 0 16 16"
        width={16}
        xmlns="http://www.w3.org/2000/svg"
      >
        <rect
          fill="#EFF2F3"
          height="15"
          rx="4"
          ry="4"
          stroke="#EFF2F3"
          width="15"
          x="0.5"
          y="0.5"
        />
        <path
          d="M 5,8 L 7,10 L 12,5"
          stroke="#C1CCD0"
          strokeLinecap="round"
          strokeWidth="1.5"
        />
      </svg>
    </div>
    Two
  </li>
  <li
    className="c0 c6"
    width={1}
  >
    <div
      className="c0 c7"
    >
      <input
        className="c0 c8"
        type="checkbox"
      />
      <svg
        aria-hidden="true"
        className="c0 c9 c10 c11 c0 c12"
        fill="none"
        height={16}
        viewBox="0 0 16 16"
        width={16}
        xmlns="http://www.w3.org/2000/svg"
      >
        <rect
          fill="#6A88F2"
          height="15"
          rx="4"
          ry="4"
          stroke="#6A88F2"
          width="15"
          x="0.5"
          y="0.5"
        />
        <path
          d="M 5,8 L 7,10 L 12,5"
          stroke="white"
          strokeLinecap="round"
          strokeWidth="1.5"
        />
      </svg>
      <svg
        aria-hidden="true"
        className="c0 c9 c13 c14 c0 c12"
        fill="none"
        height={16}
        viewBox="0 0 16 16"
        width={16}
        xmlns="http://www.w3.org/2000/svg"
      >
        <rect
          fill="white"
          height="15"
          rx="4"
          ry="4"
          stroke="#C1CCD0"
          width="15"
          x="0.5"
          y="0.5"
        />
      </svg>
      <svg
        aria-hidden="true"
        className="c0 c9 c15 c16 c0 c12"
        fill="none"
        height={16}
        viewBox="0 0 16 16"
        width={16}
        xmlns="http://www.w3.org/2000/svg"
      >
        <rect
          fill="#EFF2F3"
          height="15"
          rx="4"
          ry="4"
          stroke="#EFF2F3"
          width="15"
          x="0.5"
          y="0.5"
        />
      </svg>
      <svg
        aria-hidden="true"
        className="c0 c9 c17 c18 c0 c12"
        fill="none"
        height={16}
        viewBox="0 0 16 16"
        width={16}
        xmlns="http://www.w3.org/2000/svg"
      >
        <rect
          fill="#EFF2F3"
          height="15"
          rx="4"
          ry="4"
          stroke="#EFF2F3"
          width="15"
          x="0.5"
          y="0.5"
        />
        <path
          d="M 5,8 L 7,10 L 12,5"
          stroke="#C1CCD0"
          strokeLinecap="round"
          strokeWidth="1.5"
        />
      </svg>
    </div>
    Three
  </li>
</ul>
`;
