// Jest Snapshot v1, https://goo.gl/fbAQLP

exports[`MultiRangeCalendar default 1`] = `ShallowWrapper {}`;
