// Jest Snapshot v1, https://goo.gl/fbAQLP

exports[`Dropdown default 1`] = `
.c0 {
  box-sizing: border-box;
  margin: 0;
  min-width: 0;
  position: relative;
}

.c1 {
  box-sizing: border-box;
  margin: 0;
  min-width: 0;
  position: relative;
}

.c2 {
  box-sizing: border-box;
  margin: 0;
  min-width: 0;
  -webkit-appearance: none;
  -moz-appearance: none;
  appearance: none;
  display: -webkit-box;
  display: -webkit-flex;
  display: -ms-flexbox;
  display: flex;
  line-height: inherit;
  font-family: Nunito Sans;
  font-weight: bold;
  font-size: 16px;
  text-align: center;
  -webkit-text-decoration: none;
  text-decoration: none;
  cursor: pointer;
  outline: none;
  padding-left: 26px;
  padding-right: 26px;
  padding-top: 13px;
  padding-bottom: 13px;
  color: white;
  background-color: primary;
  border: 0;
  border-radius: button;
  -webkit-flex-direction: row;
  -ms-flex-direction: row;
  flex-direction: row;
  -webkit-box-pack: center;
  -webkit-justify-content: center;
  -ms-flex-pack: center;
  justify-content: center;
  -webkit-align-items: center;
  -webkit-box-align: center;
  -ms-flex-align: center;
  align-items: center;
  height: 48px;
  text-overflow: ellipsis;
  overflow: hidden;
  white-space: nowrap;
  padding-top: 12px;
  padding-bottom: 12px;
  padding-left: 16px;
  padding-right: 16px;
  text-align: start;
  font-size: 14px;
  line-height: 0;
  height: 36px;
  width: 236px;
}

<div
  className="c0"
>
  <div
    className="c1"
  >
    <button
      className="c2"
      onClick={[Function]}
    >
      Opci√≥n elegida
    </button>
  </div>
</div>
`;
