// Jest Snapshot v1, https://goo.gl/fbAQLP

exports[`ContainerMenu renders correctly with only headers 1`] = `
.c0 {
  box-sizing: border-box;
  margin: 0;
  min-width: 0;
  position: relative;
  display: -webkit-box;
  display: -webkit-flex;
  display: -ms-flexbox;
  display: flex;
  -webkit-flex-direction: column;
  -ms-flex-direction: column;
  flex-direction: column;
  padding: 12px;
  gap: 16px;
  width: 252px;
  height: 325px;
}

.c1 {
  box-sizing: border-box;
  margin: 0;
  min-width: 0;
  display: -webkit-box;
  display: -webkit-flex;
  display: -ms-flexbox;
  display: flex;
  -webkit-flex-direction: row;
  -ms-flex-direction: row;
  flex-direction: row;
  -webkit-align-items: center;
  -webkit-box-align: center;
  -ms-flex-align: center;
  align-items: center;
  gap: 10px;
}

.c2 {
  box-sizing: border-box;
  margin: 0;
  min-width: 0;
  font-family: primary;
}

.c3 {
  box-sizing: border-box;
  margin: 0;
  min-width: 0;
  position: absolute;
  right: 5.41%;
}

.c4 {
  box-sizing: border-box;
  margin: 0;
  min-width: 0;
  position: relative;
}

.c5 {
  box-sizing: border-box;
  margin: 0;
  min-width: 0;
  -webkit-appearance: none;
  -moz-appearance: none;
  appearance: none;
  display: -webkit-box;
  display: -webkit-flex;
  display: -ms-flexbox;
  display: flex;
  line-height: inherit;
  font-family: Nunito Sans;
  font-weight: bold;
  font-size: 24px;
  text-align: center;
  -webkit-text-decoration: none;
  text-decoration: none;
  cursor: pointer;
  outline: none;
  color: white;
  background-color: primary;
  border: 0;
  -webkit-flex-direction: row;
  -ms-flex-direction: row;
  flex-direction: row;
  -webkit-box-pack: center;
  -webkit-justify-content: center;
  -ms-flex-pack: center;
  justify-content: center;
  -webkit-align-items: center;
  -webkit-box-align: center;
  -ms-flex-align: center;
  align-items: center;
  border-radius: 12px;
  white-space: nowrap;
}

@media screen and (min-width:40em) {

}

<div
  className="c0"
>
  <div
    className="c1"
  >
    <span
      className="icon-favoritos"
      style={
        Object {
          "color": "#DF1E02",
          "fontSize": "14px",
          "height": "14px",
        }
      }
    />
    <p
      className="c2"
    >
      Favoritos
    </p>
    <div
      className="c3"
    >
      <div
        className="c4"
      >
        <button
          className="c5"
        >
          <span
            className="icon-configuracion"
            style={
              Object {
                "fontSize": "16px",
                "height": "16px",
              }
            }
          />
        </button>
      </div>
    </div>
  </div>
</div>
`;
