// Jest Snapshot v1, https://goo.gl/fbAQLP

exports[`InputHours renders correctly 1`] = `ShallowWrapper {}`;

exports[`InputHours show dropdown 1`] = `ReactWrapper {}`;
