// Jest Snapshot v1, https://goo.gl/fbAQLP

exports[`Calendar default 1`] = `ShallowWrapper {}`;
