// Jest Snapshot v1, https://goo.gl/fbAQLP

exports[`Button primary 1`] = `
.c0 {
  box-sizing: border-box;
  margin: 0;
  min-width: 0;
  -webkit-appearance: none;
  -moz-appearance: none;
  appearance: none;
  display: inline-block;
  line-height: inherit;
  text-transform: uppercase;
  text-align: center;
  -webkit-text-decoration: none;
  text-decoration: none;
  cursor: pointer;
  outline: none;
  padding-left: 16px;
  padding-right: 16px;
  padding-top: 8px;
  padding-bottom: 8px;
  color: white;
  background-color: primary;
  border: 0;
  border-radius: circle;
  width: medium;
  height: medium;
}

<button
  className="c0"
  size="medium"
>
  Test
</button>
`;

exports[`Button secondary 1`] = `
.c0 {
  box-sizing: border-box;
  margin: 0;
  min-width: 0;
  -webkit-appearance: none;
  -moz-appearance: none;
  appearance: none;
  display: inline-block;
  line-height: inherit;
  text-transform: uppercase;
  text-align: center;
  -webkit-text-decoration: none;
  text-decoration: none;
  cursor: pointer;
  outline: none;
  padding-left: 16px;
  padding-right: 16px;
  padding-top: 8px;
  padding-bottom: 8px;
  color: white;
  background-color: primary;
  border: 0;
  border-radius: circle;
  width: medium;
  height: medium;
}

<button
  className="c0"
  size="medium"
>
  Test
</button>
`;
