// Jest Snapshot v1, https://goo.gl/fbAQLP

exports[`InputNumber renders correctly 1`] = `ShallowWrapper {}`;
