// Jest Snapshot v1, https://goo.gl/fbAQLP

exports[`Gallery renders correctly 1`] = `
.c0 {
  box-sizing: border-box;
  margin: 0;
  min-width: 0;
  display: -webkit-box;
  display: -webkit-flex;
  display: -ms-flexbox;
  display: flex;
  -webkit-align-items: center;
  -webkit-box-align: center;
  -ms-flex-align: center;
  align-items: center;
  -webkit-box-pack: justify;
  -webkit-justify-content: space-between;
  -ms-flex-pack: justify;
  justify-content: space-between;
  height: 263px;
}

.c1 {
  box-sizing: border-box;
  margin: 0;
  min-width: 0;
  position: relative;
  display: -webkit-box;
  display: -webkit-flex;
  display: -ms-flexbox;
  display: flex;
  -webkit-align-items: center;
  -webkit-box-align: center;
  -ms-flex-align: center;
  align-items: center;
  -webkit-box-pack: center;
  -webkit-justify-content: center;
  -ms-flex-pack: center;
  justify-content: center;
  width: 69%;
  height: 100%;
  background: #F3F6F8;
  border-radius: 12px;
  background-size: cover;
  background-position: center;
  background-repeat: no-repeat;
  background-image: url(undefined);
  cursor: pointer;
}

.c2 {
  box-sizing: border-box;
  margin: 0;
  min-width: 0;
  position: absolute;
  bottom: 16px;
  right: 16px;
  display: -webkit-box;
  display: -webkit-flex;
  display: -ms-flexbox;
  display: flex;
  gap: 8px;
}

.c3 {
  box-sizing: border-box;
  margin: 0;
  min-width: 0;
  display: -webkit-box;
  display: -webkit-flex;
  display: -ms-flexbox;
  display: flex;
  -webkit-flex-direction: column;
  -ms-flex-direction: column;
  flex-direction: column;
  -webkit-box-pack: justify;
  -webkit-justify-content: space-between;
  -ms-flex-pack: justify;
  justify-content: space-between;
  width: 29%;
  height: 100%;
}

.c4 {
  box-sizing: border-box;
  margin: 0;
  min-width: 0;
  display: -webkit-box;
  display: -webkit-flex;
  display: -ms-flexbox;
  display: flex;
  -webkit-align-items: center;
  -webkit-box-align: center;
  -ms-flex-align: center;
  align-items: center;
  -webkit-box-pack: center;
  -webkit-justify-content: center;
  -ms-flex-pack: center;
  justify-content: center;
  background: #F3F6F8;
  width: 100%;
  height: 47%;
  border-radius: 12px;
  background-size: cover;
  background-position: center;
  background-repeat: no-repeat;
  background-image: url(undefined);
  cursor: pointer;
}

.c5 {
  box-sizing: border-box;
  margin: 0;
  min-width: 0;
  position: relative;
  width: 24px;
  height: 24px;
  color: #94A2AB;
}

<div
  className="c0"
>
  <div
    className="c1"
  >
    <div
      className="c2"
    />
  </div>
  <div
    className="c3"
  >
    <div
      className="c4"
    >
      <div
        className="c5"
        color="#94A2AB"
      >
        <i
          className="icon-imagenes"
          style={
            {
              "bottom": "0px",
              "fontSize": "24px",
              "height": "24px",
              "left": "-0.5px",
              "position": "absolute",
              "right": "0px",
              "top": "-1px",
              "width": "24px",
            }
          }
        />
      </div>
    </div>
    <div
      className="c4"
    >
      <div
        className="c5"
        color="#94A2AB"
      >
        <i
          className="icon-imagenes"
          style={
            {
              "bottom": "0px",
              "fontSize": "24px",
              "height": "24px",
              "left": "-0.5px",
              "position": "absolute",
              "right": "0px",
              "top": "-1px",
              "width": "24px",
            }
          }
        />
      </div>
    </div>
  </div>
</div>
`;
